Microchip MPLAB XC8 Compiler V2.31

Linker command line:

-W-3 --edf=D:\Program Files\Microchip\xc8\v2.31\pic\dat\en_msgs.txt -cn \
  -h+dist/default/production\PIC18_Bootloader_Test5.X.production.sym \
  --cmf=dist/default/production\PIC18_Bootloader_Test5.X.production.cmf -z \
  -Q18F26K83 -oC:\Users\leoja\AppData\Local\Temp\s7gk.2 \
  --defsym=__MPLAB_BUILD=1 \
  -Mdist/default/production/PIC18_Bootloader_Test5.X.production.map -E1 \
  -ver=XC8 Compiler --acfsm=1493 -ASTACK=0E9h-0FFFh -pstack=STACK \
  -ACODE=00h-08FFh -ACONST=00h-08FFh -ACOMRAM=01h-05Fh -AABS1=00h-0FFFh \
  -ABIGRAM=01h-0FFFh -ARAM=060h-0FFh,0100h-01FFhx15 -ABANK0=060h-0FFh \
  -ABANK1=0100h-01FFh -ABANK2=0200h-02FFh -ABANK3=0300h-03FFh \
  -ABANK4=0400h-04FFh -ABANK5=0500h-05FFh -ABANK6=0600h-06FFh \
  -ABANK7=0700h-07FFh -ABANK8=0800h-08FFh -ABANK9=0900h-09FFh \
  -ABANK10=0A00h-0AFFh -ABANK11=0B00h-0BFFh -ABANK12=0C00h-0CFFh \
  -ABANK13=0D00h-0DFFh -ABANK14=0E00h-0EFFh -ABANK15=0F00h-0FFFh \
  -ASFR=03700h-037FFhx8,03F00h-03F5Fh,03F60h-03FFFh \
  -ACONFIG=0300000h-0300009h -AIDLOC=0200000h-020000Fh \
  -AEEDATA=0310000h-03103FFh -peeprom_data=EEDATA -preset_vec=00h \
  -ppowerup=CODE,init -pramtop=01000h -pconst=CONST -AFARRAM=00h-00h \
  -prdata=COMRAM,nvrram=COMRAM,nvbit=COMRAM,rbss=COMRAM,rbit=COMRAM \
  -pfarbss=FARRAM,fardata=FARRAM,nvFARRAM=FARRAM \
  -pintsave_regs=BIGRAM,bigbss=BIGRAM,bigdata=BIGRAM -pbss=RAM \
  -pidata=CODE,irdata=CODE,ibigdata=CODE,ifardata=CODE -prparam=COMRAM \
  C:\Users\leoja\AppData\Local\Temp\s7gk.o \
  dist/default/production\PIC18_Bootloader_Test5.X.production.o 

Object code version is 3.11

Machine type is 18F26K83



                Name                               Link     Load   Length Selector   Space Scale
C:\Users\leoja\AppData\Local\Temp\s7gk.o
                idloc                            200000   200000       10        0       5
                config                           300000   300000        A        0       4
                init                                8FC      8FC        4      47E       0
                reset_vec                             0        0        4        0       0
dist/default/production\PIC18_Bootloader_Test5.X.production.o
                idloc                            200000   200000       10        0       5
                config                           300000   300000        A        0       4
                text27                              280      280       5A      140       0
                text26                              118      118       14       8C       0
                text25                              39C      39C       74      1CE       0
                text24                              106      106       12       83       0
                text23                              410      410       86      208       0
                text22                              496      496       86      24B       0
                text21                              2DA      2DA       5A      16D       0
                text20                              51C      51C       8C      28E       0
                text19                              702      702       E0      381       0
                text18                              644      644       BE      322       0
                text17                               CE       CE        2       67       0
                text16                               D0       D0        2       68       0
                text15                               D2       D2        2       69       0
                text14                              5A8      5A8       9C      2D4       0
                text13                              170      170       1A       B8       0
                text12                              12C      12C       16       96       0
                text11                              1D0      1D0       2C       E8       0
                text10                              7E2      7E2      11A      3F1       0
                text9                               1FC      1FC       2E       FE       0
                text8                               158      158       18       AC       0
                text7                               22A      22A       56      115       0
                text6                               1AC      1AC       24       D6       0
                text5                                DC       DC        A       6E       0
                text4                                E6       E6        A       73       0
                text3                                F0       F0        A       78       0
                text2                               334      334       68      19A       0
                text1                               142      142       16       A1       0
                cstackCOMRAM                          2        2        E        2       1
                bssBANK0                             60       60       89       60       1
                bssCOMRAM                            10       10        8        2       1
                cinit                               18A      18A       22       C5       0
                nvCOMRAM                             18       18        6        2       1
                text0                                FA       FA        C       7D       0
                intcodelo                            D4       D4        4       6A       0
                intcode                              D8       D8        4       6C       0

TOTAL           Name                               Link     Load   Length     Space
        CLASS   STACK          

        CLASS   CODE           
                init                                8FC      8FC        4         0
                reset_vec                             0        0        4         0
                text27                              280      280       5A         0
                text26                              118      118       14         0
                text25                              39C      39C       74         0
                text24                              106      106       12         0
                text23                              410      410       86         0
                text22                              496      496       86         0
                text21                              2DA      2DA       5A         0
                text20                              51C      51C       8C         0
                text19                              702      702       E0         0
                text18                              644      644       BE         0
                text17                               CE       CE        2         0
                text16                               D0       D0        2         0
                text15                               D2       D2        2         0
                text14                              5A8      5A8       9C         0
                text13                              170      170       1A         0
                text12                              12C      12C       16         0
                text11                              1D0      1D0       2C         0
                text10                              7E2      7E2      11A         0
                text9                               1FC      1FC       2E         0
                text8                               158      158       18         0
                text7                               22A      22A       56         0
                text6                               1AC      1AC       24         0
                text5                                DC       DC        A         0
                text4                                E6       E6        A         0
                text3                                F0       F0        A         0
                text2                               334      334       68         0
                text1                               142      142       16         0
                cinit                               18A      18A       22         0
                text0                                FA       FA        C         0
                intcodelo                            D4       D4        4         0
                intcode                              D8       D8        4         0

        CLASS   CONST          

        CLASS   COMRAM         
                cstackCOMRAM                          2        2        E         1
                bssCOMRAM                            10       10        8         1
                nvCOMRAM                             18       18        6         1

        CLASS   ABS1           
                abs_s1                                1        1        1         1

        CLASS   BIGRAM         

        CLASS   RAM            

        CLASS   BANK0          
                bssBANK0                             60       60       89         1

        CLASS   BANK1          

        CLASS   BANK2          

        CLASS   BANK3          

        CLASS   BANK4          

        CLASS   BANK5          

        CLASS   BANK6          

        CLASS   BANK7          

        CLASS   BANK8          

        CLASS   BANK9          

        CLASS   BANK10         

        CLASS   BANK11         

        CLASS   BANK12         

        CLASS   BANK13         

        CLASS   BANK14         

        CLASS   BANK15         

        CLASS   SFR            

        CLASS   CONFIG         
                config                           300000   300000        A         4

        CLASS   IDLOC          
                idloc                            200000   200000       10         5

        CLASS   EEDATA         

        CLASS   FARRAM         

        CLASS   MEDIUMCONST    

        CLASS   SMALLCONST     



SEGMENTS        Name                           Load    Length   Top    Selector   Space  Class

                reset_vec                      000000  000004  000004         0       0  CODE    
                cstackCOMRAM                   000002  00001C  00001E         2       1  COMRAM  
                bssBANK0                       000060  000089  0000E9        60       1  BANK0   
                text17                         0000CE  000002  0000D0        67       0  CODE    
                text16                         0000D0  000002  0000D2        68       0  CODE    
                text15                         0000D2  000002  0000D4        69       0  CODE    
                intcodelo                      0000D4  000004  0000D8        6A       0  CODE    
                intcode                        0000D8  000004  0000DC        6C       0  CODE    
                text5                          0000DC  00000A  0000E6        6E       0  CODE    
                text4                          0000E6  00000A  0000F0        73       0  CODE    
                text3                          0000F0  00000A  0000FA        78       0  CODE    
                text0                          0000FA  00000C  000106        7D       0  CODE    
                text24                         000106  000012  000118        83       0  CODE    
                text26                         000118  000014  00012C        8C       0  CODE    
                text12                         00012C  000016  000142        96       0  CODE    
                text1                          000142  000016  000158        A1       0  CODE    
                text8                          000158  000018  000170        AC       0  CODE    
                text13                         000170  00001A  00018A        B8       0  CODE    
                cinit                          00018A  000022  0001AC        C5       0  CODE    
                text6                          0001AC  000024  0001D0        D6       0  CODE    
                text11                         0001D0  00002C  0001FC        E8       0  CODE    
                text9                          0001FC  00002E  00022A        FE       0  CODE    
                text7                          00022A  000056  000280       115       0  CODE    
                text27                         000280  00005A  0002DA       140       0  CODE    
                text21                         0002DA  00005A  000334       16D       0  CODE    
                text2                          000334  000068  00039C       19A       0  CODE    
                text25                         00039C  000074  000410       1CE       0  CODE    
                text23                         000410  000086  000496       208       0  CODE    
                text22                         000496  000086  00051C       24B       0  CODE    
                text20                         00051C  00008C  0005A8       28E       0  CODE    
                text14                         0005A8  00009C  000644       2D4       0  CODE    
                text18                         000644  0000BE  000702       322       0  CODE    
                text19                         000702  0000E0  0007E2       381       0  CODE    
                text10                         0007E2  00011A  0008FC       3F1       0  CODE    
                init                           0008FC  000004  000900       47E       0  CODE    


UNUSED ADDRESS RANGES

        Name                Unused          Largest block    Delta
        BANK0            0000E9-0000FF               17
        BANK1            000100-0001FF              100
        BANK10           000A00-000AFF              100
        BANK11           000B00-000BFF              100
        BANK12           000C00-000CFF              100
        BANK13           000D00-000DFF              100
        BANK14           000E00-000EFF              100
        BANK15           000F00-000FFF              100
        BANK2            000200-0002FF              100
        BANK3            000300-0003FF              100
        BANK4            000400-0004FF              100
        BANK5            000500-0005FF              100
        BANK6            000600-0006FF              100
        BANK7            000700-0007FF              100
        BANK8            000800-0008FF              100
        BANK9            000900-0009FF              100
        BIGRAM           00001E-00005F               42
                         0000E9-000FFF              F17
        CODE             000004-0000CD               CA
        COMRAM           00001E-00005F               42
        CONST            000004-0000CD               CA
        EEDATA           310000-3103FF              400
        RAM              0000E9-000FFF              100
        SFR              003700-003FFF              100
        STACK            0000E9-000FFF              F17

                                  Symbol Table

Bootload_Required@i                           cstackCOMRAM 000004
Calc_Checksum@i                               cstackCOMRAM 000008
Calc_Checksum@length                          cstackCOMRAM 000006
Erase_Flash@i                                 cstackCOMRAM 000002
Get_Version_Data@i                            cstackCOMRAM 000002
ProcessBootBuffer@len                         cstackCOMRAM 00000C
Read_Config@i                                 cstackCOMRAM 000004
Run_Bootloader@ch                             cstackCOMRAM 00000D
Run_Bootloader@index                          cstackCOMRAM 00000F
Run_Bootloader@msg_length                     cstackCOMRAM 00000E
UART1_SetErrorHandler@interruptHandler        cstackCOMRAM 000002
UART1_SetFramingErrorHandler@interruptHandler cstackCOMRAM 000002
UART1_SetOverrunErrorHandler@interruptHandler cstackCOMRAM 000002
UART1_Write@txData                            cstackCOMRAM 000002
Write_Config@i                                cstackCOMRAM 000004
Write_Flash@i                                 cstackCOMRAM 000006
_ANSELA                                       (abs)        003A40
_ANSELB                                       (abs)        003A50
_ANSELC                                       (abs)        003A60
_BOOTLOADER_Initialize                        text9        0001FC
_BSR                                          (abs)        003FE0
_Bootload_Required                            text27       000280
_Calc_Checksum                                text25       00039C
_Check_Device_Reset                           text26       000118
_EE_Key_1                                     (abs)        000000
_EE_Key_2                                     (abs)        000001
_Erase_Flash                                  text23       000410
_Get_Version_Data                             text22       000496
_INLVLA                                       (abs)        003A44
_INLVLB                                       (abs)        003A54
_INLVLC                                       (abs)        003A64
_INLVLE                                       (abs)        003A84
_INTCON0bits                                  (abs)        003FD2
_LATA                                         (abs)        003FBA
_LATB                                         (abs)        003FBB
_LATBbits                                     (abs)        003FBB
_LATC                                         (abs)        003FBC
_NVMADRH                                      (abs)        0039E1
_NVMADRL                                      (abs)        0039E0
_NVMCON1                                      (abs)        0039E5
_NVMCON1bits                                  (abs)        0039E5
_NVMCON2                                      (abs)        0039E6
_NVMDAT                                       (abs)        0039E3
_ODCONA                                       (abs)        003A42
_ODCONB                                       (abs)        003A52
_ODCONC                                       (abs)        003A62
_OSCCON1                                      (abs)        0039D9
_OSCCON3                                      (abs)        0039DB
_OSCEN                                        (abs)        0039DD
_OSCFRQ                                       (abs)        0039DF
_OSCILLATOR_Initialize                        text8        000158
_OSCTUNE                                      (abs)        0039DE
_PIN_MANAGER_Initialize                       text7        00022A
_PIR0bits                                     (abs)        0039A0
_PIR3bits                                     (abs)        0039A3
_PMD0                                         (abs)        0039C0
_PMD1                                         (abs)        0039C1
_PMD2                                         (abs)        0039C2
_PMD3                                         (abs)        0039C3
_PMD4                                         (abs)        0039C4
_PMD5                                         (abs)        0039C5
_PMD6                                         (abs)        0039C6
_PMD7                                         (abs)        0039C7
_PMD_Initialize                               text6        0001AC
_ProcessBootBuffer                            text18       000644
_RC6PPS                                       (abs)        003A16
_Read_Config                                  text21       0002DA
_Run_Bootloader                               text10       0007E2
_SLRCONA                                      (abs)        003A43
_SLRCONB                                      (abs)        003A53
_SLRCONC                                      (abs)        003A63
_STKPTR                                       (abs)        003FFC
_SYSTEM_Initialize                            text1        000142
_StartWrite                                   text24       000106
_TABLAT                                       (abs)        003FF5
_TBLPTR                                       (abs)        003FF6
_TBLPTRH                                      (abs)        003FF7
_TBLPTRL                                      (abs)        003FF6
_TBLPTRU                                      (abs)        003FF8
_TRISA                                        (abs)        003FC2
_TRISB                                        (abs)        003FC3
_TRISC                                        (abs)        003FC4
_U1BRGH                                       (abs)        003DF6
_U1BRGL                                       (abs)        003DF5
_U1CON0                                       (abs)        003DF2
_U1CON0bits                                   (abs)        003DF2
_U1CON1                                       (abs)        003DF3
_U1CON2                                       (abs)        003DF4
_U1ERRIE                                      (abs)        003DFA
_U1ERRIR                                      (abs)        003DF9
_U1ERRIRbits                                  (abs)        003DF9
_U1FIFO                                       (abs)        003DF7
_U1P1H                                        (abs)        003DED
_U1P1L                                        (abs)        003DEC
_U1P2H                                        (abs)        003DEF
_U1P2L                                        (abs)        003DEE
_U1P3H                                        (abs)        003DF1
_U1P3L                                        (abs)        003DF0
_U1RXB                                        (abs)        003DE8
_U1RXPPS                                      (abs)        003AE7
_U1TXB                                        (abs)        003DEA
_U1UIR                                        (abs)        003DF8
_U1UIRbits                                    (abs)        003DF8
_UART1_DefaultErrorHandler                    text17       0000CE
_UART1_DefaultFramingErrorHandler             text16       0000D0
_UART1_DefaultOverrunErrorHandler             text15       0000D2
_UART1_ErrorHandler                           nvCOMRAM     000018
_UART1_FramingErrorHandler                    nvCOMRAM     00001C
_UART1_Initialize                             text2        000334
_UART1_OverrunErrorHandler                    nvCOMRAM     00001A
_UART1_Read                                   text14       0005A8
_UART1_SetErrorHandler                        text5        0000DC
_UART1_SetFramingErrorHandler                 text4        0000E6
_UART1_SetOverrunErrorHandler                 text3        0000F0
_UART1_Write                                  text13       000170
_UART1_is_rx_ready                            text12       00012C
_UART1_is_tx_ready                            text11       0001D0
_UART1_is_tx_ready$745                        cstackCOMRAM 000002
_WPUA                                         (abs)        003A41
_WPUB                                         (abs)        003A51
_WPUC                                         (abs)        003A61
_WPUE                                         (abs)        003A81
_Write_Config                                 text20       00051C
_Write_Flash                                  text19       000702
__HRAM                                        (abs)        000000
__Habs1                                       abs1         000000
__Hbank0                                      bank0        000000
__Hbank1                                      bank1        000000
__Hbank10                                     bank10       000000
__Hbank11                                     bank11       000000
__Hbank12                                     bank12       000000
__Hbank13                                     bank13       000000
__Hbank14                                     bank14       000000
__Hbank15                                     bank15       000000
__Hbank2                                      bank2        000000
__Hbank3                                      bank3        000000
__Hbank4                                      bank4        000000
__Hbank5                                      bank5        000000
__Hbank6                                      bank6        000000
__Hbank7                                      bank7        000000
__Hbank8                                      bank8        000000
__Hbank9                                      bank9        000000
__Hbigbss                                     bigbss       000000
__Hbigdata                                    bigdata      000000
__Hbigram                                     bigram       000000
__Hbss                                        bss          000000
__HbssBANK0                                   bssBANK0     000000
__HbssCOMRAM                                  bssCOMRAM    000000
__Hcinit                                      cinit        000000
__Hclrtext                                    clrtext      000000
__Hcomram                                     comram       000000
__Hconfig                                     config       30000A
__Hconst                                      const        000000
__HcstackCOMRAM                               cstackCOMRAM 000000
__Hdata                                       data         000000
__Heeprom_data                                eeprom_data  000000
__Hfarbss                                     farbss       000000
__Hfardata                                    fardata      000000
__Hibigdata                                   ibigdata     000000
__Hidata                                      idata        000000
__Hidloc                                      idloc        200010
__Hifardata                                   ifardata     000000
__Hinit                                       init         000900
__Hintcode                                    intcode      000000
__Hintcodelo                                  intcodelo    000000
__Hintsave_regs                               intsave_regs 000000
__Hirdata                                     irdata       000000
__Hmediumconst                                mediumconst  000000
__HnvCOMRAM                                   nvCOMRAM     000000
__HnvFARRAM                                   nvFARRAM     000000
__Hnvbit                                      nvbit        000000
__Hnvrram                                     nvrram       000000
__Hparam                                      rparam       000000
__Hpowerup                                    powerup      000000
__Hram                                        ram          000000
__Hramtop                                     ramtop       001000
__Hrbit                                       rbit         000000
__Hrbss                                       rbss         000000
__Hrdata                                      rdata        000000
__Hreset_vec                                  reset_vec    000004
__Hrparam                                     rparam       000000
__Hsfr                                        sfr          000000
__Hsmallconst                                 smallconst   000000
__Hspace_0                                    (abs)        001000
__Hspace_1                                    (abs)        0000E9
__Hspace_2                                    (abs)        000000
__Hspace_4                                    (abs)        60000A
__Hstack                                      stack        000000
__Hstruct                                     struct       000000
__Htemp                                       temp         000000
__Htext                                       text         000000
__Htext0                                      text0        000000
__Htext1                                      text1        000000
__Htext10                                     text10       000000
__Htext11                                     text11       000000
__Htext12                                     text12       000000
__Htext13                                     text13       000000
__Htext14                                     text14       000000
__Htext15                                     text15       000000
__Htext16                                     text16       000000
__Htext17                                     text17       000000
__Htext18                                     text18       000000
__Htext19                                     text19       000000
__Htext2                                      text2        000000
__Htext20                                     text20       000000
__Htext21                                     text21       000000
__Htext22                                     text22       000000
__Htext23                                     text23       000000
__Htext24                                     text24       000000
__Htext25                                     text25       000000
__Htext26                                     text26       000000
__Htext27                                     text27       000000
__Htext28                                     text28       000000
__Htext3                                      text3        000000
__Htext4                                      text4        000000
__Htext5                                      text5        000000
__Htext6                                      text6        000000
__Htext7                                      text7        000000
__Htext8                                      text8        000000
__Htext9                                      text9        000000
__LRAM                                        (abs)        000001
__Labs1                                       abs1         000000
__Lbank0                                      bank0        000000
__Lbank1                                      bank1        000000
__Lbank10                                     bank10       000000
__Lbank11                                     bank11       000000
__Lbank12                                     bank12       000000
__Lbank13                                     bank13       000000
__Lbank14                                     bank14       000000
__Lbank15                                     bank15       000000
__Lbank2                                      bank2        000000
__Lbank3                                      bank3        000000
__Lbank4                                      bank4        000000
__Lbank5                                      bank5        000000
__Lbank6                                      bank6        000000
__Lbank7                                      bank7        000000
__Lbank8                                      bank8        000000
__Lbank9                                      bank9        000000
__Lbigbss                                     bigbss       000000
__Lbigdata                                    bigdata      000000
__Lbigram                                     bigram       000000
__Lbss                                        bss          000000
__LbssBANK0                                   bssBANK0     000000
__LbssCOMRAM                                  bssCOMRAM    000000
__Lcinit                                      cinit        000000
__Lclrtext                                    clrtext      000000
__Lcomram                                     comram       000000
__Lconfig                                     config       000000
__Lconst                                      const        000000
__LcstackCOMRAM                               cstackCOMRAM 000000
__Ldata                                       data         000000
__Leeprom_data                                eeprom_data  000000
__Lfarbss                                     farbss       000000
__Lfardata                                    fardata      000000
__Libigdata                                   ibigdata     000000
__Lidata                                      idata        000000
__Lidloc                                      idloc        000000
__Lifardata                                   ifardata     000000
__Linit                                       init         0008FC
__Lintcode                                    intcode      000000
__Lintcodelo                                  intcodelo    000000
__Lintsave_regs                               intsave_regs 000000
__Lirdata                                     irdata       000000
__Lmediumconst                                mediumconst  000000
__LnvCOMRAM                                   nvCOMRAM     000000
__LnvFARRAM                                   nvFARRAM     000000
__Lnvbit                                      nvbit        000000
__Lnvrram                                     nvrram       000000
__Lparam                                      rparam       000000
__Lpowerup                                    powerup      000000
__Lram                                        ram          000000
__Lramtop                                     ramtop       001000
__Lrbit                                       rbit         000000
__Lrbss                                       rbss         000000
__Lrdata                                      rdata        000000
__Lreset_vec                                  reset_vec    000000
__Lrparam                                     rparam       000000
__Lsfr                                        sfr          000000
__Lsmallconst                                 smallconst   000000
__Lspace_0                                    (abs)        000000
__Lspace_1                                    (abs)        000000
__Lspace_2                                    (abs)        000000
__Lspace_4                                    (abs)        000000
__Lstack                                      stack        000000
__Lstruct                                     struct       000000
__Ltemp                                       temp         000000
__Ltext                                       text         000000
__Ltext0                                      text0        000000
__Ltext1                                      text1        000000
__Ltext10                                     text10       000000
__Ltext11                                     text11       000000
__Ltext12                                     text12       000000
__Ltext13                                     text13       000000
__Ltext14                                     text14       000000
__Ltext15                                     text15       000000
__Ltext16                                     text16       000000
__Ltext17                                     text17       000000
__Ltext18                                     text18       000000
__Ltext19                                     text19       000000
__Ltext2                                      text2        000000
__Ltext20                                     text20       000000
__Ltext21                                     text21       000000
__Ltext22                                     text22       000000
__Ltext23                                     text23       000000
__Ltext24                                     text24       000000
__Ltext25                                     text25       000000
__Ltext26                                     text26       000000
__Ltext27                                     text27       000000
__Ltext28                                     text28       000000
__Ltext3                                      text3        000000
__Ltext4                                      text4        000000
__Ltext5                                      text5        000000
__Ltext6                                      text6        000000
__Ltext7                                      text7        000000
__Ltext8                                      text8        000000
__Ltext9                                      text9        000000
__S0                                          (abs)        000900
__S1                                          (abs)        0000E9
__S2                                          (abs)        000000
__S4                                          (abs)        000000
__S5                                          (abs)        000000
___inthi_sp                                   stack        000000
___intlo_sp                                   stack        000000
___param_bank                                 (abs)        000000
___rparam_used                                (abs)        000001
___sp                                         stack        000000
__accesstop                                   (abs)        000060
__activetblptr                                (abs)        000002
__end_of_BOOTLOADER_Initialize                text9        00022A
__end_of_Bootload_Required                    text27       0002DA
__end_of_Calc_Checksum                        text25       000410
__end_of_Check_Device_Reset                   text26       00012C
__end_of_Erase_Flash                          text23       000496
__end_of_Get_Version_Data                     text22       00051C
__end_of_OSCILLATOR_Initialize                text8        000170
__end_of_PIN_MANAGER_Initialize               text7        000280
__end_of_PMD_Initialize                       text6        0001D0
__end_of_ProcessBootBuffer                    text18       000702
__end_of_Read_Config                          text21       000334
__end_of_Run_Bootloader                       text10       0008FC
__end_of_SYSTEM_Initialize                    text1        000158
__end_of_StartWrite                           text24       000118
__end_of_UART1_DefaultErrorHandler            text17       0000D0
__end_of_UART1_DefaultFramingErrorHandler     text16       0000D2
__end_of_UART1_DefaultOverrunErrorHandler     text15       0000D4
__end_of_UART1_Initialize                     text2        00039C
__end_of_UART1_Read                           text14       000644
__end_of_UART1_SetErrorHandler                text5        0000E6
__end_of_UART1_SetFramingErrorHandler         text4        0000F0
__end_of_UART1_SetOverrunErrorHandler         text3        0000FA
__end_of_UART1_Write                          text13       00018A
__end_of_UART1_is_rx_ready                    text12       000142
__end_of_UART1_is_tx_ready                    text11       0001FC
__end_of_Write_Config                         text20       0005A8
__end_of_Write_Flash                          text19       0007E2
__end_of__initialization                      cinit        0001A2
__end_of_main                                 text0        000106
__initialization                              cinit        00018A
__pbssBANK0                                   bssBANK0     000060
__pbssCOMRAM                                  bssCOMRAM    000010
__pcinit                                      cinit        00018A
__pcstackCOMRAM                               cstackCOMRAM 000002
__pnvCOMRAM                                   nvCOMRAM     000018
__ptext0                                      text0        0000FA
__ptext1                                      text1        000142
__ptext10                                     text10       0007E2
__ptext11                                     text11       0001D0
__ptext12                                     text12       00012C
__ptext13                                     text13       000170
__ptext14                                     text14       0005A8
__ptext15                                     text15       0000D2
__ptext16                                     text16       0000D0
__ptext17                                     text17       0000CE
__ptext18                                     text18       000644
__ptext19                                     text19       000702
__ptext2                                      text2        000334
__ptext20                                     text20       00051C
__ptext21                                     text21       0002DA
__ptext22                                     text22       000496
__ptext23                                     text23       000410
__ptext24                                     text24       000106
__ptext25                                     text25       00039C
__ptext26                                     text26       000118
__ptext27                                     text27       000280
__ptext28                                     text28       000000
__ptext3                                      text3        0000F0
__ptext4                                      text4        0000E6
__ptext5                                      text5        0000DC
__ptext6                                      text6        0001AC
__ptext7                                      text7        00022A
__ptext8                                      text8        000158
__ptext9                                      text9        0001FC
__ramtop                                      ramtop       001000
__size_of_BOOTLOADER_Initialize               (abs)        000000
__size_of_Bootload_Required                   (abs)        000000
__size_of_Calc_Checksum                       (abs)        000000
__size_of_Check_Device_Reset                  (abs)        000000
__size_of_Erase_Flash                         (abs)        000000
__size_of_Get_Version_Data                    (abs)        000000
__size_of_OSCILLATOR_Initialize               (abs)        000000
__size_of_PIN_MANAGER_Initialize              (abs)        000000
__size_of_PMD_Initialize                      (abs)        000000
__size_of_ProcessBootBuffer                   (abs)        000000
__size_of_Read_Config                         (abs)        000000
__size_of_Run_Bootloader                      (abs)        000000
__size_of_SYSTEM_Initialize                   (abs)        000000
__size_of_StartWrite                          (abs)        000000
__size_of_UART1_DefaultErrorHandler           (abs)        000000
__size_of_UART1_DefaultFramingErrorHandler    (abs)        000000
__size_of_UART1_DefaultOverrunErrorHandler    (abs)        000000
__size_of_UART1_Initialize                    (abs)        000000
__size_of_UART1_Read                          (abs)        000000
__size_of_UART1_SetErrorHandler               (abs)        000000
__size_of_UART1_SetFramingErrorHandler        (abs)        000000
__size_of_UART1_SetOverrunErrorHandler        (abs)        000000
__size_of_UART1_Write                         (abs)        000000
__size_of_UART1_is_rx_ready                   (abs)        000000
__size_of_UART1_is_tx_ready                   (abs)        000000
__size_of_Write_Config                        (abs)        000000
__size_of_Write_Flash                         (abs)        000000
__size_of_main                                (abs)        000000
_check_sum                                    bssCOMRAM    000012
_counter                                      bssCOMRAM    000010
_frame                                        bssBANK0     000060
_main                                         text0        0000FA
_reset_pending                                bssCOMRAM    000015
_rx_data                                      bssCOMRAM    000017
_tx_data                                      bssCOMRAM    000016
_uart1RxLastError                             bssCOMRAM    000014
end_of_initialization                         cinit        0001A2
intlevel0                                     text         000000
intlevel1                                     text         000000
intlevel2                                     text         000000
intlevel3                                     text         000000
stackhi                                       (abs)        000FFF
stacklo                                       (abs)        0000E9
start                                         init         0008FC
start_initialization                          cinit        00018A


FUNCTION INFORMATION:

 *************** function _main *****************
 Defined at:
		line 53 in file "main.c"
 Parameters:    Size  Location     Type
		None
 Auto vars:     Size  Location     Type
		None
 Return value:  Size  Location     Type
                  1    wreg      void 
 Registers used:
		wreg, fsr2l, fsr2h, status,2, status,0, pclath, tosl, cstack
 Tracked objects:
		On entry : 
		On exit  : 
		Unchanged: 
 Data sizes:     COMRAM   BANK0   BANK1   BANK2   BANK3   BANK4   BANK5   BANK6   BANK7   BANK8   BANK9  BANK10  BANK11  BANK12  BANK13  BANK14  BANK15
      Params:         0       0       0       0       0       0       0       0       0       0       0       0       0       0       0       0       0
      Locals:         0       0       0       0       0       0       0       0       0       0       0       0       0       0       0       0       0
      Temps:          0       0       0       0       0       0       0       0       0       0       0       0       0       0       0       0       0
      Totals:         0       0       0       0       0       0       0       0       0       0       0       0       0       0       0       0       0
Total ram usage:        0 bytes
 Hardware stack levels required when called:    6
 This function calls:
		_SYSTEM_Initialize
 This function is called by:
		Startup code after reset
 This function uses a non-reentrant model


 *************** function _SYSTEM_Initialize *****************
 Defined at:
		line 50 in file "mcc_generated_files/mcc.c"
 Parameters:    Size  Location     Type
		None
 Auto vars:     Size  Location     Type
		None
 Return value:  Size  Location     Type
                  1    wreg      void 
 Registers used:
		wreg, fsr2l, fsr2h, status,2, status,0, pclath, tosl, cstack
 Tracked objects:
		On entry : 
		On exit  : 
		Unchanged: 
 Data sizes:     COMRAM   BANK0   BANK1   BANK2   BANK3   BANK4   BANK5   BANK6   BANK7   BANK8   BANK9  BANK10  BANK11  BANK12  BANK13  BANK14  BANK15
      Params:         0       0       0       0       0       0       0       0       0       0       0       0       0       0       0       0       0
      Locals:         0       0       0       0       0       0       0       0       0       0       0       0       0       0       0       0       0
      Temps:          0       0       0       0       0       0       0       0       0       0       0       0       0       0       0       0       0
      Totals:         0       0       0       0       0       0       0       0       0       0       0       0       0       0       0       0       0
Total ram usage:        0 bytes
 Hardware stack levels used:    1
 Hardware stack levels required when called:    5
 This function calls:
		_BOOTLOADER_Initialize
		_OSCILLATOR_Initialize
		_PIN_MANAGER_Initialize
		_PMD_Initialize
		_UART1_Initialize
 This function is called by:
		_main
 This function uses a non-reentrant model


 *************** function _UART1_Initialize *****************
 Defined at:
		line 66 in file "mcc_generated_files/uart1.c"
 Parameters:    Size  Location     Type
		None
 Auto vars:     Size  Location     Type
		None
 Return value:  Size  Location     Type
                  1    wreg      void 
 Registers used:
		wreg, status,2, status,0, cstack
 Tracked objects:
		On entry : 
		On exit  : 
		Unchanged: 
 Data sizes:     COMRAM   BANK0   BANK1   BANK2   BANK3   BANK4   BANK5   BANK6   BANK7   BANK8   BANK9  BANK10  BANK11  BANK12  BANK13  BANK14  BANK15
      Params:         0       0       0       0       0       0       0       0       0       0       0       0       0       0       0       0       0
      Locals:         0       0       0       0       0       0       0       0       0       0       0       0       0       0       0       0       0
      Temps:          0       0       0       0       0       0       0       0       0       0       0       0       0       0       0       0       0
      Totals:         0       0       0       0       0       0       0       0       0       0       0       0       0       0       0       0       0
Total ram usage:        0 bytes
 Hardware stack levels used:    1
 Hardware stack levels required when called:    1
 This function calls:
		_UART1_SetErrorHandler
		_UART1_SetFramingErrorHandler
		_UART1_SetOverrunErrorHandler
 This function is called by:
		_SYSTEM_Initialize
 This function uses a non-reentrant model


 *************** function _UART1_SetOverrunErrorHandler *****************
 Defined at:
		line 194 in file "mcc_generated_files/uart1.c"
 Parameters:    Size  Location     Type
  interruptHan    2    0[COMRAM] PTR FTN()void 
		 -> UART1_DefaultOverrunErrorHandler(1), 
 Auto vars:     Size  Location     Type
		None
 Return value:  Size  Location     Type
                  1    wreg      void 
 Registers used:
		wreg, status,2, status,0
 Tracked objects:
		On entry : 
		On exit  : 
		Unchanged: 
 Data sizes:     COMRAM   BANK0   BANK1   BANK2   BANK3   BANK4   BANK5   BANK6   BANK7   BANK8   BANK9  BANK10  BANK11  BANK12  BANK13  BANK14  BANK15
      Params:         2       0       0       0       0       0       0       0       0       0       0       0       0       0       0       0       0
      Locals:         0       0       0       0       0       0       0       0       0       0       0       0       0       0       0       0       0
      Temps:          0       0       0       0       0       0       0       0       0       0       0       0       0       0       0       0       0
      Totals:         2       0       0       0       0       0       0       0       0       0       0       0       0       0       0       0       0
Total ram usage:        2 bytes
 Hardware stack levels used:    1
 This function calls:
		Nothing
 This function is called by:
		_UART1_Initialize
 This function uses a non-reentrant model


 *************** function _UART1_SetFramingErrorHandler *****************
 Defined at:
		line 190 in file "mcc_generated_files/uart1.c"
 Parameters:    Size  Location     Type
  interruptHan    2    0[COMRAM] PTR FTN()void 
		 -> UART1_DefaultFramingErrorHandler(1), 
 Auto vars:     Size  Location     Type
		None
 Return value:  Size  Location     Type
                  1    wreg      void 
 Registers used:
		wreg, status,2, status,0
 Tracked objects:
		On entry : 
		On exit  : 
		Unchanged: 
 Data sizes:     COMRAM   BANK0   BANK1   BANK2   BANK3   BANK4   BANK5   BANK6   BANK7   BANK8   BANK9  BANK10  BANK11  BANK12  BANK13  BANK14  BANK15
      Params:         2       0       0       0       0       0       0       0       0       0       0       0       0       0       0       0       0
      Locals:         0       0       0       0       0       0       0       0       0       0       0       0       0       0       0       0       0
      Temps:          0       0       0       0       0       0       0       0       0       0       0       0       0       0       0       0       0
      Totals:         2       0       0       0       0       0       0       0       0       0       0       0       0       0       0       0       0
Total ram usage:        2 bytes
 Hardware stack levels used:    1
 This function calls:
		Nothing
 This function is called by:
		_UART1_Initialize
 This function uses a non-reentrant model


 *************** function _UART1_SetErrorHandler *****************
 Defined at:
		line 198 in file "mcc_generated_files/uart1.c"
 Parameters:    Size  Location     Type
  interruptHan    2    0[COMRAM] PTR FTN()void 
		 -> UART1_DefaultErrorHandler(1), 
 Auto vars:     Size  Location     Type
		None
 Return value:  Size  Location     Type
                  1    wreg      void 
 Registers used:
		wreg, status,2, status,0
 Tracked objects:
		On entry : 
		On exit  : 
		Unchanged: 
 Data sizes:     COMRAM   BANK0   BANK1   BANK2   BANK3   BANK4   BANK5   BANK6   BANK7   BANK8   BANK9  BANK10  BANK11  BANK12  BANK13  BANK14  BANK15
      Params:         2       0       0       0       0       0       0       0       0       0       0       0       0       0       0       0       0
      Locals:         0       0       0       0       0       0       0       0       0       0       0       0       0       0       0       0       0
      Temps:          0       0       0       0       0       0       0       0       0       0       0       0       0       0       0       0       0
      Totals:         2       0       0       0       0       0       0       0       0       0       0       0       0       0       0       0       0
Total ram usage:        2 bytes
 Hardware stack levels used:    1
 This function calls:
		Nothing
 This function is called by:
		_UART1_Initialize
 This function uses a non-reentrant model


 *************** function _PMD_Initialize *****************
 Defined at:
		line 73 in file "mcc_generated_files/mcc.c"
 Parameters:    Size  Location     Type
		None
 Auto vars:     Size  Location     Type
		None
 Return value:  Size  Location     Type
                  1    wreg      void 
 Registers used:
		wreg, status,2
 Tracked objects:
		On entry : 
		On exit  : 
		Unchanged: 
 Data sizes:     COMRAM   BANK0   BANK1   BANK2   BANK3   BANK4   BANK5   BANK6   BANK7   BANK8   BANK9  BANK10  BANK11  BANK12  BANK13  BANK14  BANK15
      Params:         0       0       0       0       0       0       0       0       0       0       0       0       0       0       0       0       0
      Locals:         0       0       0       0       0       0       0       0       0       0       0       0       0       0       0       0       0
      Temps:          0       0       0       0       0       0       0       0       0       0       0       0       0       0       0       0       0
      Totals:         0       0       0       0       0       0       0       0       0       0       0       0       0       0       0       0       0
Total ram usage:        0 bytes
 Hardware stack levels used:    1
 This function calls:
		Nothing
 This function is called by:
		_SYSTEM_Initialize
 This function uses a non-reentrant model


 *************** function _PIN_MANAGER_Initialize *****************
 Defined at:
		line 55 in file "mcc_generated_files/pin_manager.c"
 Parameters:    Size  Location     Type
		None
 Auto vars:     Size  Location     Type
		None
 Return value:  Size  Location     Type
                  1    wreg      void 
 Registers used:
		wreg, status,2
 Tracked objects:
		On entry : 
		On exit  : 
		Unchanged: 
 Data sizes:     COMRAM   BANK0   BANK1   BANK2   BANK3   BANK4   BANK5   BANK6   BANK7   BANK8   BANK9  BANK10  BANK11  BANK12  BANK13  BANK14  BANK15
      Params:         0       0       0       0       0       0       0       0       0       0       0       0       0       0       0       0       0
      Locals:         0       0       0       0       0       0       0       0       0       0       0       0       0       0       0       0       0
      Temps:          0       0       0       0       0       0       0       0       0       0       0       0       0       0       0       0       0
      Totals:         0       0       0       0       0       0       0       0       0       0       0       0       0       0       0       0       0
Total ram usage:        0 bytes
 Hardware stack levels used:    1
 This function calls:
		Nothing
 This function is called by:
		_SYSTEM_Initialize
 This function uses a non-reentrant model


 *************** function _OSCILLATOR_Initialize *****************
 Defined at:
		line 59 in file "mcc_generated_files/mcc.c"
 Parameters:    Size  Location     Type
		None
 Auto vars:     Size  Location     Type
		None
 Return value:  Size  Location     Type
                  1    wreg      void 
 Registers used:
		wreg, status,2
 Tracked objects:
		On entry : 
		On exit  : 
		Unchanged: 
 Data sizes:     COMRAM   BANK0   BANK1   BANK2   BANK3   BANK4   BANK5   BANK6   BANK7   BANK8   BANK9  BANK10  BANK11  BANK12  BANK13  BANK14  BANK15
      Params:         0       0       0       0       0       0       0       0       0       0       0       0       0       0       0       0       0
      Locals:         0       0       0       0       0       0       0       0       0       0       0       0       0       0       0       0       0
      Temps:          0       0       0       0       0       0       0       0       0       0       0       0       0       0       0       0       0
      Totals:         0       0       0       0       0       0       0       0       0       0       0       0       0       0       0       0       0
Total ram usage:        0 bytes
 Hardware stack levels used:    1
 This function calls:
		Nothing
 This function is called by:
		_SYSTEM_Initialize
 This function uses a non-reentrant model


 *************** function _BOOTLOADER_Initialize *****************
 Defined at:
		line 134 in file "mcc_generated_files/pic18f_bootload.c"
 Parameters:    Size  Location     Type
		None
 Auto vars:     Size  Location     Type
		None
 Return value:  Size  Location     Type
                  1    wreg      void 
 Registers used:
		wreg, fsr2l, fsr2h, status,2, status,0, pclath, tosl, cstack
 Tracked objects:
		On entry : 
		On exit  : 
		Unchanged: 
 Data sizes:     COMRAM   BANK0   BANK1   BANK2   BANK3   BANK4   BANK5   BANK6   BANK7   BANK8   BANK9  BANK10  BANK11  BANK12  BANK13  BANK14  BANK15
      Params:         0       0       0       0       0       0       0       0       0       0       0       0       0       0       0       0       0
      Locals:         0       0       0       0       0       0       0       0       0       0       0       0       0       0       0       0       0
      Temps:          0       0       0       0       0       0       0       0       0       0       0       0       0       0       0       0       0
      Totals:         0       0       0       0       0       0       0       0       0       0       0       0       0       0       0       0       0
Total ram usage:        0 bytes
 Hardware stack levels used:    1
 Hardware stack levels required when called:    4
 This function calls:
		_Bootload_Required
		_Run_Bootloader
 This function is called by:
		_SYSTEM_Initialize
 This function uses a non-reentrant model


 *************** function _Run_Bootloader *****************
 Defined at:
		line 59 in file "mcc_generated_files/pic18f_uart.c"
 Parameters:    Size  Location     Type
		None
 Auto vars:     Size  Location     Type
  ch              1   11[COMRAM] unsigned char 
  index           1   13[COMRAM] volatile unsigned char 
  msg_length      1   12[COMRAM] unsigned char 
 Return value:  Size  Location     Type
                  1    wreg      void 
 Registers used:
		wreg, fsr2l, fsr2h, status,2, status,0, pclath, tosl, cstack
 Tracked objects:
		On entry : 
		On exit  : 
		Unchanged: 
 Data sizes:     COMRAM   BANK0   BANK1   BANK2   BANK3   BANK4   BANK5   BANK6   BANK7   BANK8   BANK9  BANK10  BANK11  BANK12  BANK13  BANK14  BANK15
      Params:         0       0       0       0       0       0       0       0       0       0       0       0       0       0       0       0       0
      Locals:         3       0       0       0       0       0       0       0       0       0       0       0       0       0       0       0       0
      Temps:          0       0       0       0       0       0       0       0       0       0       0       0       0       0       0       0       0
      Totals:         3       0       0       0       0       0       0       0       0       0       0       0       0       0       0       0       0
Total ram usage:        3 bytes
 Hardware stack levels used:    1
 Hardware stack levels required when called:    3
 This function calls:
		_Check_Device_Reset
		_ProcessBootBuffer
		_UART1_Read
		_UART1_Write
		_UART1_is_rx_ready
		_UART1_is_tx_ready
 This function is called by:
		_BOOTLOADER_Initialize
 This function uses a non-reentrant model


 *************** function _UART1_is_tx_ready *****************
 Defined at:
		line 131 in file "mcc_generated_files/uart1.c"
 Parameters:    Size  Location     Type
		None
 Auto vars:     Size  Location     Type
		None
 Return value:  Size  Location     Type
                  1    wreg      _Bool 
 Registers used:
		wreg, status,2
 Tracked objects:
		On entry : 
		On exit  : 
		Unchanged: 
 Data sizes:     COMRAM   BANK0   BANK1   BANK2   BANK3   BANK4   BANK5   BANK6   BANK7   BANK8   BANK9  BANK10  BANK11  BANK12  BANK13  BANK14  BANK15
      Params:         0       0       0       0       0       0       0       0       0       0       0       0       0       0       0       0       0
      Locals:         1       0       0       0       0       0       0       0       0       0       0       0       0       0       0       0       0
      Temps:          0       0       0       0       0       0       0       0       0       0       0       0       0       0       0       0       0
      Totals:         1       0       0       0       0       0       0       0       0       0       0       0       0       0       0       0       0
Total ram usage:        1 bytes
 Hardware stack levels used:    1
 This function calls:
		Nothing
 This function is called by:
		_Run_Bootloader
 This function uses a non-reentrant model


 *************** function _UART1_is_rx_ready *****************
 Defined at:
		line 126 in file "mcc_generated_files/uart1.c"
 Parameters:    Size  Location     Type
		None
 Auto vars:     Size  Location     Type
		None
 Return value:  Size  Location     Type
                  1    wreg      _Bool 
 Registers used:
		wreg
 Tracked objects:
		On entry : 
		On exit  : 
		Unchanged: 
 Data sizes:     COMRAM   BANK0   BANK1   BANK2   BANK3   BANK4   BANK5   BANK6   BANK7   BANK8   BANK9  BANK10  BANK11  BANK12  BANK13  BANK14  BANK15
      Params:         0       0       0       0       0       0       0       0       0       0       0       0       0       0       0       0       0
      Locals:         0       0       0       0       0       0       0       0       0       0       0       0       0       0       0       0       0
      Temps:          0       0       0       0       0       0       0       0       0       0       0       0       0       0       0       0       0
      Totals:         0       0       0       0       0       0       0       0       0       0       0       0       0       0       0       0       0
Total ram usage:        0 bytes
 Hardware stack levels used:    1
 This function calls:
		Nothing
 This function is called by:
		_Run_Bootloader
 This function uses a non-reentrant model


 *************** function _UART1_Write *****************
 Defined at:
		line 170 in file "mcc_generated_files/uart1.c"
 Parameters:    Size  Location     Type
  txData          1    wreg     unsigned char 
 Auto vars:     Size  Location     Type
  txData          1    0[COMRAM] unsigned char 
 Return value:  Size  Location     Type
                  1    wreg      void 
 Registers used:
		wreg
 Tracked objects:
		On entry : 
		On exit  : 
		Unchanged: 
 Data sizes:     COMRAM   BANK0   BANK1   BANK2   BANK3   BANK4   BANK5   BANK6   BANK7   BANK8   BANK9  BANK10  BANK11  BANK12  BANK13  BANK14  BANK15
      Params:         0       0       0       0       0       0       0       0       0       0       0       0       0       0       0       0       0
      Locals:         1       0       0       0       0       0       0       0       0       0       0       0       0       0       0       0       0
      Temps:          0       0       0       0       0       0       0       0       0       0       0       0       0       0       0       0       0
      Totals:         1       0       0       0       0       0       0       0       0       0       0       0       0       0       0       0       0
Total ram usage:        1 bytes
 Hardware stack levels used:    1
 This function calls:
		Nothing
 This function is called by:
		_Run_Bootloader
 This function uses a non-reentrant model


 *************** function _UART1_Read *****************
 Defined at:
		line 145 in file "mcc_generated_files/uart1.c"
 Parameters:    Size  Location     Type
		None
 Auto vars:     Size  Location     Type
		None
 Return value:  Size  Location     Type
                  1    wreg      unsigned char 
 Registers used:
		wreg, status,2, pclath, tosl, cstack
 Tracked objects:
		On entry : 
		On exit  : 
		Unchanged: 
 Data sizes:     COMRAM   BANK0   BANK1   BANK2   BANK3   BANK4   BANK5   BANK6   BANK7   BANK8   BANK9  BANK10  BANK11  BANK12  BANK13  BANK14  BANK15
      Params:         0       0       0       0       0       0       0       0       0       0       0       0       0       0       0       0       0
      Locals:         0       0       0       0       0       0       0       0       0       0       0       0       0       0       0       0       0
      Temps:          0       0       0       0       0       0       0       0       0       0       0       0       0       0       0       0       0
      Totals:         0       0       0       0       0       0       0       0       0       0       0       0       0       0       0       0       0
Total ram usage:        0 bytes
 Hardware stack levels used:    1
 Hardware stack levels required when called:    1
 This function calls:
		Absolute function
		_UART1_DefaultErrorHandler
		_UART1_DefaultFramingErrorHandler
		_UART1_DefaultOverrunErrorHandler
 This function is called by:
		_Run_Bootloader
 This function uses a non-reentrant model


 *************** function _UART1_DefaultOverrunErrorHandler *****************
 Defined at:
		line 185 in file "mcc_generated_files/uart1.c"
 Parameters:    Size  Location     Type
		None
 Auto vars:     Size  Location     Type
		None
 Return value:  Size  Location     Type
                  1    wreg      void 
 Registers used:
		None
 Tracked objects:
		On entry : 
		On exit  : 
		Unchanged: 
 Data sizes:     COMRAM   BANK0   BANK1   BANK2   BANK3   BANK4   BANK5   BANK6   BANK7   BANK8   BANK9  BANK10  BANK11  BANK12  BANK13  BANK14  BANK15
      Params:         0       0       0       0       0       0       0       0       0       0       0       0       0       0       0       0       0
      Locals:         0       0       0       0       0       0       0       0       0       0       0       0       0       0       0       0       0
      Temps:          0       0       0       0       0       0       0       0       0       0       0       0       0       0       0       0       0
      Totals:         0       0       0       0       0       0       0       0       0       0       0       0       0       0       0       0       0
Total ram usage:        0 bytes
 Hardware stack levels used:    1
 This function calls:
		Nothing
 This function is called by:
		_UART1_Initialize
		_UART1_Read
 This function uses a non-reentrant model


 *************** function _UART1_DefaultFramingErrorHandler *****************
 Defined at:
		line 183 in file "mcc_generated_files/uart1.c"
 Parameters:    Size  Location     Type
		None
 Auto vars:     Size  Location     Type
		None
 Return value:  Size  Location     Type
                  1    wreg      void 
 Registers used:
		None
 Tracked objects:
		On entry : 
		On exit  : 
		Unchanged: 
 Data sizes:     COMRAM   BANK0   BANK1   BANK2   BANK3   BANK4   BANK5   BANK6   BANK7   BANK8   BANK9  BANK10  BANK11  BANK12  BANK13  BANK14  BANK15
      Params:         0       0       0       0       0       0       0       0       0       0       0       0       0       0       0       0       0
      Locals:         0       0       0       0       0       0       0       0       0       0       0       0       0       0       0       0       0
      Temps:          0       0       0       0       0       0       0       0       0       0       0       0       0       0       0       0       0
      Totals:         0       0       0       0       0       0       0       0       0       0       0       0       0       0       0       0       0
Total ram usage:        0 bytes
 Hardware stack levels used:    1
 This function calls:
		Nothing
 This function is called by:
		_UART1_Initialize
		_UART1_Read
 This function uses a non-reentrant model


 *************** function _UART1_DefaultErrorHandler *****************
 Defined at:
		line 187 in file "mcc_generated_files/uart1.c"
 Parameters:    Size  Location     Type
		None
 Auto vars:     Size  Location     Type
		None
 Return value:  Size  Location     Type
                  1    wreg      void 
 Registers used:
		None
 Tracked objects:
		On entry : 
		On exit  : 
		Unchanged: 
 Data sizes:     COMRAM   BANK0   BANK1   BANK2   BANK3   BANK4   BANK5   BANK6   BANK7   BANK8   BANK9  BANK10  BANK11  BANK12  BANK13  BANK14  BANK15
      Params:         0       0       0       0       0       0       0       0       0       0       0       0       0       0       0       0       0
      Locals:         0       0       0       0       0       0       0       0       0       0       0       0       0       0       0       0       0
      Temps:          0       0       0       0       0       0       0       0       0       0       0       0       0       0       0       0       0
      Totals:         0       0       0       0       0       0       0       0       0       0       0       0       0       0       0       0       0
Total ram usage:        0 bytes
 Hardware stack levels used:    1
 This function calls:
		Nothing
 This function is called by:
		_UART1_Initialize
		_UART1_Read
 This function uses a non-reentrant model


 *************** function _ProcessBootBuffer *****************
 Defined at:
		line 186 in file "mcc_generated_files/pic18f_bootload.c"
 Parameters:    Size  Location     Type
		None
 Auto vars:     Size  Location     Type
  len             1   10[COMRAM] unsigned char 
 Return value:  Size  Location     Type
                  1    wreg      unsigned char 
 Registers used:
		wreg, fsr2l, fsr2h, status,2, status,0, cstack
 Tracked objects:
		On entry : 
		On exit  : 
		Unchanged: 
 Data sizes:     COMRAM   BANK0   BANK1   BANK2   BANK3   BANK4   BANK5   BANK6   BANK7   BANK8   BANK9  BANK10  BANK11  BANK12  BANK13  BANK14  BANK15
      Params:         0       0       0       0       0       0       0       0       0       0       0       0       0       0       0       0       0
      Locals:         1       0       0       0       0       0       0       0       0       0       0       0       0       0       0       0       0
      Temps:          2       0       0       0       0       0       0       0       0       0       0       0       0       0       0       0       0
      Totals:         3       0       0       0       0       0       0       0       0       0       0       0       0       0       0       0       0
Total ram usage:        3 bytes
 Hardware stack levels used:    1
 Hardware stack levels required when called:    2
 This function calls:
		_Calc_Checksum
		_Erase_Flash
		_Get_Version_Data
		_Read_Config
		_Write_Config
		_Write_Flash
 This function is called by:
		_Run_Bootloader
 This function uses a non-reentrant model


 *************** function _Write_Flash *****************
 Defined at:
		line 275 in file "mcc_generated_files/pic18f_bootload.c"
 Parameters:    Size  Location     Type
		None
 Auto vars:     Size  Location     Type
  i               2    4[COMRAM] unsigned short 
 Return value:  Size  Location     Type
                  1    wreg      unsigned char 
 Registers used:
		wreg, fsr2l, fsr2h, status,2, status,0, cstack
 Tracked objects:
		On entry : 
		On exit  : 
		Unchanged: 
 Data sizes:     COMRAM   BANK0   BANK1   BANK2   BANK3   BANK4   BANK5   BANK6   BANK7   BANK8   BANK9  BANK10  BANK11  BANK12  BANK13  BANK14  BANK15
      Params:         0       0       0       0       0       0       0       0       0       0       0       0       0       0       0       0       0
      Locals:         2       0       0       0       0       0       0       0       0       0       0       0       0       0       0       0       0
      Temps:          4       0       0       0       0       0       0       0       0       0       0       0       0       0       0       0       0
      Totals:         6       0       0       0       0       0       0       0       0       0       0       0       0       0       0       0       0
Total ram usage:        6 bytes
 Hardware stack levels used:    1
 Hardware stack levels required when called:    1
 This function calls:
		_StartWrite
 This function is called by:
		_ProcessBootBuffer
 This function uses a non-reentrant model


 *************** function _Write_Config *****************
 Defined at:
		line 360 in file "mcc_generated_files/pic18f_bootload.c"
 Parameters:    Size  Location     Type
		None
 Auto vars:     Size  Location     Type
  i               1    2[COMRAM] unsigned char 
 Return value:  Size  Location     Type
                  1    wreg      unsigned char 
 Registers used:
		wreg, fsr2l, fsr2h, status,2, status,0, cstack
 Tracked objects:
		On entry : 
		On exit  : 
		Unchanged: 
 Data sizes:     COMRAM   BANK0   BANK1   BANK2   BANK3   BANK4   BANK5   BANK6   BANK7   BANK8   BANK9  BANK10  BANK11  BANK12  BANK13  BANK14  BANK15
      Params:         0       0       0       0       0       0       0       0       0       0       0       0       0       0       0       0       0
      Locals:         1       0       0       0       0       0       0       0       0       0       0       0       0       0       0       0       0
      Temps:          2       0       0       0       0       0       0       0       0       0       0       0       0       0       0       0       0
      Totals:         3       0       0       0       0       0       0       0       0       0       0       0       0       0       0       0       0
Total ram usage:        3 bytes
 Hardware stack levels used:    1
 Hardware stack levels required when called:    1
 This function calls:
		_StartWrite
 This function is called by:
		_ProcessBootBuffer
 This function uses a non-reentrant model


 *************** function _Read_Config *****************
 Defined at:
		line 340 in file "mcc_generated_files/pic18f_bootload.c"
 Parameters:    Size  Location     Type
		None
 Auto vars:     Size  Location     Type
  i               1    2[COMRAM] unsigned char 
 Return value:  Size  Location     Type
                  1    wreg      unsigned char 
 Registers used:
		wreg, fsr2l, fsr2h, status,2, status,0
 Tracked objects:
		On entry : 
		On exit  : 
		Unchanged: 
 Data sizes:     COMRAM   BANK0   BANK1   BANK2   BANK3   BANK4   BANK5   BANK6   BANK7   BANK8   BANK9  BANK10  BANK11  BANK12  BANK13  BANK14  BANK15
      Params:         0       0       0       0       0       0       0       0       0       0       0       0       0       0       0       0       0
      Locals:         1       0       0       0       0       0       0       0       0       0       0       0       0       0       0       0       0
      Temps:          2       0       0       0       0       0       0       0       0       0       0       0       0       0       0       0       0
      Totals:         3       0       0       0       0       0       0       0       0       0       0       0       0       0       0       0       0
Total ram usage:        3 bytes
 Hardware stack levels used:    1
 This function calls:
		Nothing
 This function is called by:
		_ProcessBootBuffer
 This function uses a non-reentrant model


 *************** function _Get_Version_Data *****************
 Defined at:
		line 232 in file "mcc_generated_files/pic18f_bootload.c"
 Parameters:    Size  Location     Type
		None
 Auto vars:     Size  Location     Type
  i               1    0[COMRAM] unsigned char 
 Return value:  Size  Location     Type
                  1    wreg      unsigned char 
 Registers used:
		wreg, fsr2l, fsr2h, status,2, status,0
 Tracked objects:
		On entry : 
		On exit  : 
		Unchanged: 
 Data sizes:     COMRAM   BANK0   BANK1   BANK2   BANK3   BANK4   BANK5   BANK6   BANK7   BANK8   BANK9  BANK10  BANK11  BANK12  BANK13  BANK14  BANK15
      Params:         0       0       0       0       0       0       0       0       0       0       0       0       0       0       0       0       0
      Locals:         1       0       0       0       0       0       0       0       0       0       0       0       0       0       0       0       0
      Temps:          0       0       0       0       0       0       0       0       0       0       0       0       0       0       0       0       0
      Totals:         1       0       0       0       0       0       0       0       0       0       0       0       0       0       0       0       0
Total ram usage:        1 bytes
 Hardware stack levels used:    1
 This function calls:
		Nothing
 This function is called by:
		_ProcessBootBuffer
 This function uses a non-reentrant model


 *************** function _Erase_Flash *****************
 Defined at:
		line 311 in file "mcc_generated_files/pic18f_bootload.c"
 Parameters:    Size  Location     Type
		None
 Auto vars:     Size  Location     Type
  i               2    0[COMRAM] unsigned short 
 Return value:  Size  Location     Type
                  1    wreg      unsigned char 
 Registers used:
		wreg, status,2, status,0, cstack
 Tracked objects:
		On entry : 
		On exit  : 
		Unchanged: 
 Data sizes:     COMRAM   BANK0   BANK1   BANK2   BANK3   BANK4   BANK5   BANK6   BANK7   BANK8   BANK9  BANK10  BANK11  BANK12  BANK13  BANK14  BANK15
      Params:         0       0       0       0       0       0       0       0       0       0       0       0       0       0       0       0       0
      Locals:         2       0       0       0       0       0       0       0       0       0       0       0       0       0       0       0       0
      Temps:          0       0       0       0       0       0       0       0       0       0       0       0       0       0       0       0       0
      Totals:         2       0       0       0       0       0       0       0       0       0       0       0       0       0       0       0       0
Total ram usage:        2 bytes
 Hardware stack levels used:    1
 Hardware stack levels required when called:    1
 This function calls:
		_StartWrite
 This function is called by:
		_ProcessBootBuffer
 This function uses a non-reentrant model


 *************** function _StartWrite *****************
 Defined at:
		line 424 in file "mcc_generated_files/pic18f_bootload.c"
 Parameters:    Size  Location     Type
		None
 Auto vars:     Size  Location     Type
		None
 Return value:  Size  Location     Type
                  1    wreg      void 
 Registers used:
		None
 Tracked objects:
		On entry : 
		On exit  : 
		Unchanged: 
 Data sizes:     COMRAM   BANK0   BANK1   BANK2   BANK3   BANK4   BANK5   BANK6   BANK7   BANK8   BANK9  BANK10  BANK11  BANK12  BANK13  BANK14  BANK15
      Params:         0       0       0       0       0       0       0       0       0       0       0       0       0       0       0       0       0
      Locals:         0       0       0       0       0       0       0       0       0       0       0       0       0       0       0       0       0
      Temps:          0       0       0       0       0       0       0       0       0       0       0       0       0       0       0       0       0
      Totals:         0       0       0       0       0       0       0       0       0       0       0       0       0       0       0       0       0
Total ram usage:        0 bytes
 Hardware stack levels used:    1
 This function calls:
		Nothing
 This function is called by:
		_Write_Flash
		_Erase_Flash
		_Write_Config
 This function uses a non-reentrant model


 *************** function _Calc_Checksum *****************
 Defined at:
		line 390 in file "mcc_generated_files/pic18f_bootload.c"
 Parameters:    Size  Location     Type
		None
 Auto vars:     Size  Location     Type
  i               2    6[COMRAM] unsigned short 
  length          2    4[COMRAM] unsigned short 
 Return value:  Size  Location     Type
                  1    wreg      unsigned char 
 Registers used:
		wreg, status,2, status,0
 Tracked objects:
		On entry : 
		On exit  : 
		Unchanged: 
 Data sizes:     COMRAM   BANK0   BANK1   BANK2   BANK3   BANK4   BANK5   BANK6   BANK7   BANK8   BANK9  BANK10  BANK11  BANK12  BANK13  BANK14  BANK15
      Params:         0       0       0       0       0       0       0       0       0       0       0       0       0       0       0       0       0
      Locals:         4       0       0       0       0       0       0       0       0       0       0       0       0       0       0       0       0
      Temps:          4       0       0       0       0       0       0       0       0       0       0       0       0       0       0       0       0
      Totals:         8       0       0       0       0       0       0       0       0       0       0       0       0       0       0       0       0
Total ram usage:        8 bytes
 Hardware stack levels used:    1
 This function calls:
		Nothing
 This function is called by:
		_ProcessBootBuffer
 This function uses a non-reentrant model


 *************** function _Check_Device_Reset *****************
 Defined at:
		line 442 in file "mcc_generated_files/pic18f_bootload.c"
 Parameters:    Size  Location     Type
		None
 Auto vars:     Size  Location     Type
		None
 Return value:  Size  Location     Type
                  1    wreg      void 
 Registers used:
		wreg, status,2, status,0
 Tracked objects:
		On entry : 
		On exit  : 
		Unchanged: 
 Data sizes:     COMRAM   BANK0   BANK1   BANK2   BANK3   BANK4   BANK5   BANK6   BANK7   BANK8   BANK9  BANK10  BANK11  BANK12  BANK13  BANK14  BANK15
      Params:         0       0       0       0       0       0       0       0       0       0       0       0       0       0       0       0       0
      Locals:         0       0       0       0       0       0       0       0       0       0       0       0       0       0       0       0       0
      Temps:          0       0       0       0       0       0       0       0       0       0       0       0       0       0       0       0       0
      Totals:         0       0       0       0       0       0       0       0       0       0       0       0       0       0       0       0       0
Total ram usage:        0 bytes
 Hardware stack levels used:    1
 This function calls:
		Nothing
 This function is called by:
		_Run_Bootloader
 This function uses a non-reentrant model


 *************** function _Bootload_Required *****************
 Defined at:
		line 147 in file "mcc_generated_files/pic18f_bootload.c"
 Parameters:    Size  Location     Type
		None
 Auto vars:     Size  Location     Type
  i               1    2[COMRAM] unsigned char 
 Return value:  Size  Location     Type
                  1    wreg      _Bool 
 Registers used:
		wreg, status,2, status,0
 Tracked objects:
		On entry : 
		On exit  : 
		Unchanged: 
 Data sizes:     COMRAM   BANK0   BANK1   BANK2   BANK3   BANK4   BANK5   BANK6   BANK7   BANK8   BANK9  BANK10  BANK11  BANK12  BANK13  BANK14  BANK15
      Params:         0       0       0       0       0       0       0       0       0       0       0       0       0       0       0       0       0
      Locals:         1       0       0       0       0       0       0       0       0       0       0       0       0       0       0       0       0
      Temps:          2       0       0       0       0       0       0       0       0       0       0       0       0       0       0       0       0
      Totals:         3       0       0       0       0       0       0       0       0       0       0       0       0       0       0       0       0
Total ram usage:        3 bytes
 Hardware stack levels used:    1
 This function calls:
		Nothing
 This function is called by:
		_BOOTLOADER_Initialize
 This function uses a non-reentrant model



MODULE INFORMATION

Module		Function		Class		Link	Load	Size
mcc_generated_files/pin_manager.c
		_PIN_MANAGER_Initialize		CODE           	022A	0000	86

mcc_generated_files/pin_manager.c estimated size: 86

mcc_generated_files/pic18f_uart.c
		_Run_Bootloader		CODE           	07E2	0000	282

mcc_generated_files/pic18f_uart.c estimated size: 282

mcc_generated_files/uart1.c
		_UART1_Write   		CODE           	0170	0000	26
		_UART1_SetFramingErrorHandler		CODE           	00E6	0000	10
		_UART1_SetOverrunErrorHandler		CODE           	00F0	0000	10
		_UART1_Initialize		CODE           	0334	0000	104
		_UART1_SetErrorHandler		CODE           	00DC	0000	10
		_UART1_Read    		CODE           	05A8	0000	156
		_UART1_DefaultFramingErrorHandler		CODE           	00D0	0000	2
		_UART1_is_rx_ready		CODE           	012C	0000	22
		_UART1_is_tx_ready		CODE           	01D0	0000	44
		_UART1_DefaultErrorHandler		CODE           	00CE	0000	2
		_UART1_DefaultOverrunErrorHandler		CODE           	00D2	0000	2

mcc_generated_files/uart1.c estimated size: 388

shared
		__initialization		CODE           	018A	0000	24

shared estimated size: 24

mcc_generated_files/mcc.c
		_PMD_Initialize		CODE           	01AC	0000	36
		_OSCILLATOR_Initialize		CODE           	0158	0000	24
		_SYSTEM_Initialize		CODE           	0142	0000	22

mcc_generated_files/mcc.c estimated size: 82

mcc_generated_files/pic18f_bootload.c
		_ProcessBootBuffer		CODE           	0644	0000	190
		_Calc_Checksum 		CODE           	039C	0000	116
		_Write_Config  		CODE           	051C	0000	140
		_Write_Flash   		CODE           	0702	0000	224
		_Get_Version_Data		CODE           	0496	0000	134
		_Check_Device_Reset		CODE           	0118	0000	20
		_Erase_Flash   		CODE           	0410	0000	134
		_Bootload_Required		CODE           	0280	0000	90
		_Read_Config   		CODE           	02DA	0000	90
		_StartWrite    		CODE           	0106	0000	18
		_BOOTLOADER_Initialize		CODE           	01FC	0000	46

mcc_generated_files/pic18f_bootload.c estimated size: 1202

main.c
		_main          		CODE           	00FA	0000	12

main.c estimated size: 12

