Microchip MPLAB XC8 Compiler V2.32

Linker command line:

-W-3 --edf=C:\Program Files\Microchip\xc8\v2.32\pic\dat\en_msgs.txt -cn \
  -h+dist/default/production\PICDuino-PIC18_Bootloader.production.sym \
  --cmf=dist/default/production\PICDuino-PIC18_Bootloader.production.cmf -z \
  -Q18F26K83 -oC:\Users\leoja\AppData\Local\Temp\xcAsaag.4 \
  --defsym=__MPLAB_BUILD=1 \
  -Mdist/default/production/PICDuino-PIC18_Bootloader.production.map -E1 \
  -ver=XC8 Compiler --acfsm=1493 -ASTACK=0E9h-0FFFh -pstack=STACK \
  -ACODE=00h-08FFh -ACONST=00h-08FFh -ACOMRAM=01h-05Fh -AABS1=00h-0FFFh \
  -ABIGRAM=01h-0FFFh -ARAM=060h-0FFh,0100h-01FFhx15 -ABANK0=060h-0FFh \
  -ABANK1=0100h-01FFh -ABANK2=0200h-02FFh -ABANK3=0300h-03FFh \
  -ABANK4=0400h-04FFh -ABANK5=0500h-05FFh -ABANK6=0600h-06FFh \
  -ABANK7=0700h-07FFh -ABANK8=0800h-08FFh -ABANK9=0900h-09FFh \
  -ABANK10=0A00h-0AFFh -ABANK11=0B00h-0BFFh -ABANK12=0C00h-0CFFh \
  -ABANK13=0D00h-0DFFh -ABANK14=0E00h-0EFFh -ABANK15=0F00h-0FFFh \
  -ASFR=03700h-037FFhx8,03F00h-03F5Fh,03F60h-03FFFh \
  -ACONFIG=0300000h-0300009h -AIDLOC=0200000h-020000Fh \
  -AEEDATA=0310000h-03103FFh -peeprom_data=EEDATA -preset_vec=00h \
  -ppowerup=CODE,init -pramtop=01000h -pconst=CONST -AFARRAM=00h-00h \
  -prdata=COMRAM,nvrram=COMRAM,nvbit=COMRAM,rbss=COMRAM,rbit=COMRAM \
  -pfarbss=FARRAM,fardata=FARRAM,nvFARRAM=FARRAM \
  -pintsave_regs=BIGRAM,bigbss=BIGRAM,bigdata=BIGRAM -pbss=RAM \
  -pidata=CODE,irdata=CODE,ibigdata=CODE,ifardata=CODE -prparam=COMRAM \
  C:\Users\leoja\AppData\Local\Temp\xcAsaag.o \
  dist/default/production\PICDuino-PIC18_Bootloader.production.o 

Object code version is 3.11

Machine type is 18F26K83



                Name                               Link     Load   Length Selector   Space Scale
C:\Users\leoja\AppData\Local\Temp\xcAsaag.o
                idloc                            200000   200000       10        0       5
                config                           300000   300000        A        0       4
                init                                8FC      8FC        4      47E       0
                reset_vec                             0        0        4        0       0
dist/default/production\PICDuino-PIC18_Bootloader.production.o
                idloc                            200000   200000       10        0       5
                config                           300000   300000        A        0       4
                text27                              24C      24C       3E      126       0
                text26                              120      120       14       90       0
                text25                              3A0      3A0       74      1D0       0
                text24                              10E      10E       12       87       0
                text23                              414      414       86      20A       0
                text22                              49A      49A       86      24D       0
                text21                              2DE      2DE       5A      16F       0
                text20                              520      520       8C      290       0
                text19                              706      706       E0      383       0
                text18                              648      648       BE      324       0
                text17                               E2       E2        2       71       0
                text16                               E4       E4        2       72       0
                text15                               E6       E6        2       73       0
                text14                              5AC      5AC       9C      2D6       0
                text13                              178      178       1A       BC       0
                text12                              134      134       16       9A       0
                text11                              1F2      1F2       2C       F9       0
                text10                              7E6      7E6      116      3F3       0
                text9                               21E      21E       2E      10F       0
                text8                               160      160       18       B0       0
                text7                               28A      28A       54      145       0
                text6                               1CE      1CE       24       E7       0
                text5                                F0       F0        A       78       0
                text4                                FA       FA        A       7D       0
                text3                               104      104        A       82       0
                text2                               338      338       68      19C       0
                text1                               14A      14A       16       A5       0
                cstackCOMRAM                          2        2        F        2       1
                bssBANK0                             60       60       89       60       1
                bssCOMRAM                            11       11        8        2       1
                cinit                               1AC      1AC       22       D6       0
                nvCOMRAM                             19       19        6        2       1
                text0                               192      192       1A       C9       0
                intcodelo                            E8       E8        4       74       0
                intcode                              EC       EC        4       76       0

TOTAL           Name                               Link     Load   Length     Space
        CLASS   STACK          

        CLASS   CODE           
                init                                8FC      8FC        4         0
                reset_vec                             0        0        4         0
                text27                              24C      24C       3E         0
                text26                              120      120       14         0
                text25                              3A0      3A0       74         0
                text24                              10E      10E       12         0
                text23                              414      414       86         0
                text22                              49A      49A       86         0
                text21                              2DE      2DE       5A         0
                text20                              520      520       8C         0
                text19                              706      706       E0         0
                text18                              648      648       BE         0
                text17                               E2       E2        2         0
                text16                               E4       E4        2         0
                text15                               E6       E6        2         0
                text14                              5AC      5AC       9C         0
                text13                              178      178       1A         0
                text12                              134      134       16         0
                text11                              1F2      1F2       2C         0
                text10                              7E6      7E6      116         0
                text9                               21E      21E       2E         0
                text8                               160      160       18         0
                text7                               28A      28A       54         0
                text6                               1CE      1CE       24         0
                text5                                F0       F0        A         0
                text4                                FA       FA        A         0
                text3                               104      104        A         0
                text2                               338      338       68         0
                text1                               14A      14A       16         0
                cinit                               1AC      1AC       22         0
                text0                               192      192       1A         0
                intcodelo                            E8       E8        4         0
                intcode                              EC       EC        4         0

        CLASS   CONST          

        CLASS   COMRAM         
                cstackCOMRAM                          2        2        F         1
                bssCOMRAM                            11       11        8         1
                nvCOMRAM                             19       19        6         1

        CLASS   ABS1           
                abs_s1                                1        1        1         1

        CLASS   BIGRAM         

        CLASS   RAM            

        CLASS   BANK0          
                bssBANK0                             60       60       89         1

        CLASS   BANK1          

        CLASS   BANK2          

        CLASS   BANK3          

        CLASS   BANK4          

        CLASS   BANK5          

        CLASS   BANK6          

        CLASS   BANK7          

        CLASS   BANK8          

        CLASS   BANK9          

        CLASS   BANK10         

        CLASS   BANK11         

        CLASS   BANK12         

        CLASS   BANK13         

        CLASS   BANK14         

        CLASS   BANK15         

        CLASS   SFR            

        CLASS   CONFIG         
                config                           300000   300000        A         4

        CLASS   IDLOC          
                idloc                            200000   200000       10         5

        CLASS   EEDATA         

        CLASS   FARRAM         

        CLASS   MEDIUMCONST    

        CLASS   SMALLCONST     



SEGMENTS        Name                           Load    Length   Top    Selector   Space  Class

                reset_vec                      000000  000004  000004         0       0  CODE    
                cstackCOMRAM                   000002  00001D  00001F         2       1  COMRAM  
                bssBANK0                       000060  000089  0000E9        60       1  BANK0   
                text17                         0000E2  000002  0000E4        71       0  CODE    
                text16                         0000E4  000002  0000E6        72       0  CODE    
                text15                         0000E6  000002  0000E8        73       0  CODE    
                intcodelo                      0000E8  000004  0000EC        74       0  CODE    
                intcode                        0000EC  000004  0000F0        76       0  CODE    
                text5                          0000F0  00000A  0000FA        78       0  CODE    
                text4                          0000FA  00000A  000104        7D       0  CODE    
                text3                          000104  00000A  00010E        82       0  CODE    
                text24                         00010E  000012  000120        87       0  CODE    
                text26                         000120  000014  000134        90       0  CODE    
                text12                         000134  000016  00014A        9A       0  CODE    
                text1                          00014A  000016  000160        A5       0  CODE    
                text8                          000160  000018  000178        B0       0  CODE    
                text13                         000178  00001A  000192        BC       0  CODE    
                text0                          000192  00001A  0001AC        C9       0  CODE    
                cinit                          0001AC  000022  0001CE        D6       0  CODE    
                text6                          0001CE  000024  0001F2        E7       0  CODE    
                text11                         0001F2  00002C  00021E        F9       0  CODE    
                text9                          00021E  00002E  00024C       10F       0  CODE    
                text27                         00024C  00003E  00028A       126       0  CODE    
                text7                          00028A  000054  0002DE       145       0  CODE    
                text21                         0002DE  00005A  000338       16F       0  CODE    
                text2                          000338  000068  0003A0       19C       0  CODE    
                text25                         0003A0  000074  000414       1D0       0  CODE    
                text23                         000414  000086  00049A       20A       0  CODE    
                text22                         00049A  000086  000520       24D       0  CODE    
                text20                         000520  00008C  0005AC       290       0  CODE    
                text14                         0005AC  00009C  000648       2D6       0  CODE    
                text18                         000648  0000BE  000706       324       0  CODE    
                text19                         000706  0000E0  0007E6       383       0  CODE    
                text10                         0007E6  000116  0008FC       3F3       0  CODE    
                init                           0008FC  000004  000900       47E       0  CODE    


UNUSED ADDRESS RANGES

        Name                Unused          Largest block    Delta
        BANK0            0000E9-0000FF               17
        BANK1            000100-0001FF              100
        BANK10           000A00-000AFF              100
        BANK11           000B00-000BFF              100
        BANK12           000C00-000CFF              100
        BANK13           000D00-000DFF              100
        BANK14           000E00-000EFF              100
        BANK15           000F00-000FFF              100
        BANK2            000200-0002FF              100
        BANK3            000300-0003FF              100
        BANK4            000400-0004FF              100
        BANK5            000500-0005FF              100
        BANK6            000600-0006FF              100
        BANK7            000700-0007FF              100
        BANK8            000800-0008FF              100
        BANK9            000900-0009FF              100
        BIGRAM           00001F-00005F               41
                         0000E9-000FFF              F17
        CODE             000004-0000E1               DE
        COMRAM           00001F-00005F               41
        CONST            000004-0000E1               DE
        EEDATA           310000-3103FF              400
        RAM              0000E9-000FFF              100
        SFR              003700-003FFF              100
        STACK            0000E9-000FFF              F17

                                  Symbol Table

Bootload_Required@i                           cstackCOMRAM 000003
Calc_Checksum@i                               cstackCOMRAM 000008
Calc_Checksum@length                          cstackCOMRAM 000006
Erase_Flash@i                                 cstackCOMRAM 000002
Get_Version_Data@i                            cstackCOMRAM 000002
ProcessBootBuffer@len                         cstackCOMRAM 00000C
Read_Config@i                                 cstackCOMRAM 000004
Run_Bootloader@ch                             cstackCOMRAM 00000D
Run_Bootloader@index                          cstackCOMRAM 00000F
Run_Bootloader@msg_length                     cstackCOMRAM 00000E
UART1_SetErrorHandler@interruptHandler        cstackCOMRAM 000002
UART1_SetFramingErrorHandler@interruptHandler cstackCOMRAM 000002
UART1_SetOverrunErrorHandler@interruptHandler cstackCOMRAM 000002
UART1_Write@txData                            cstackCOMRAM 000002
Write_Config@i                                cstackCOMRAM 000004
Write_Flash@i                                 cstackCOMRAM 000006
_ANSELA                                       (abs)        003A40
_ANSELB                                       (abs)        003A50
_ANSELC                                       (abs)        003A60
_BOOTLOADER_Initialize                        text9        00021E
_BSR                                          (abs)        003FE0
_Bootload_Required                            text27       00024C
_Calc_Checksum                                text25       0003A0
_Check_Device_Reset                           text26       000120
_EE_Key_1                                     (abs)        000000
_EE_Key_2                                     (abs)        000001
_Erase_Flash                                  text23       000414
_Get_Version_Data                             text22       00049A
_INLVLA                                       (abs)        003A44
_INLVLB                                       (abs)        003A54
_INLVLC                                       (abs)        003A64
_INLVLE                                       (abs)        003A84
_INTCON0bits                                  (abs)        003FD2
_LATA                                         (abs)        003FBA
_LATB                                         (abs)        003FBB
_LATC                                         (abs)        003FBC
_NVMADRH                                      (abs)        0039E1
_NVMADRL                                      (abs)        0039E0
_NVMCON1                                      (abs)        0039E5
_NVMCON1bits                                  (abs)        0039E5
_NVMCON2                                      (abs)        0039E6
_NVMDAT                                       (abs)        0039E3
_ODCONA                                       (abs)        003A42
_ODCONB                                       (abs)        003A52
_ODCONC                                       (abs)        003A62
_OSCCON1                                      (abs)        0039D9
_OSCCON3                                      (abs)        0039DB
_OSCEN                                        (abs)        0039DD
_OSCFRQ                                       (abs)        0039DF
_OSCILLATOR_Initialize                        text8        000160
_OSCTUNE                                      (abs)        0039DE
_PIN_MANAGER_Initialize                       text7        00028A
_PIR0bits                                     (abs)        0039A0
_PIR3bits                                     (abs)        0039A3
_PMD0                                         (abs)        0039C0
_PMD1                                         (abs)        0039C1
_PMD2                                         (abs)        0039C2
_PMD3                                         (abs)        0039C3
_PMD4                                         (abs)        0039C4
_PMD5                                         (abs)        0039C5
_PMD6                                         (abs)        0039C6
_PMD7                                         (abs)        0039C7
_PMD_Initialize                               text6        0001CE
_ProcessBootBuffer                            text18       000648
_RC6PPS                                       (abs)        003A16
_Read_Config                                  text21       0002DE
_Run_Bootloader                               text10       0007E6
_SLRCONA                                      (abs)        003A43
_SLRCONB                                      (abs)        003A53
_SLRCONC                                      (abs)        003A63
_STKPTR                                       (abs)        003FFC
_SYSTEM_Initialize                            text1        00014A
_StartWrite                                   text24       00010E
_TABLAT                                       (abs)        003FF5
_TBLPTR                                       (abs)        003FF6
_TBLPTRH                                      (abs)        003FF7
_TBLPTRL                                      (abs)        003FF6
_TBLPTRU                                      (abs)        003FF8
_TRISA                                        (abs)        003FC2
_TRISB                                        (abs)        003FC3
_TRISC                                        (abs)        003FC4
_U1BRGH                                       (abs)        003DF6
_U1BRGL                                       (abs)        003DF5
_U1CON0                                       (abs)        003DF2
_U1CON0bits                                   (abs)        003DF2
_U1CON1                                       (abs)        003DF3
_U1CON2                                       (abs)        003DF4
_U1ERRIE                                      (abs)        003DFA
_U1ERRIR                                      (abs)        003DF9
_U1ERRIRbits                                  (abs)        003DF9
_U1FIFO                                       (abs)        003DF7
_U1P1H                                        (abs)        003DED
_U1P1L                                        (abs)        003DEC
_U1P2H                                        (abs)        003DEF
_U1P2L                                        (abs)        003DEE
_U1P3H                                        (abs)        003DF1
_U1P3L                                        (abs)        003DF0
_U1RXB                                        (abs)        003DE8
_U1RXPPS                                      (abs)        003AE7
_U1TXB                                        (abs)        003DEA
_U1UIR                                        (abs)        003DF8
_U1UIRbits                                    (abs)        003DF8
_UART1_DefaultErrorHandler                    text17       0000E2
_UART1_DefaultFramingErrorHandler             text16       0000E4
_UART1_DefaultOverrunErrorHandler             text15       0000E6
_UART1_ErrorHandler                           nvCOMRAM     000019
_UART1_FramingErrorHandler                    nvCOMRAM     00001D
_UART1_Initialize                             text2        000338
_UART1_OverrunErrorHandler                    nvCOMRAM     00001B
_UART1_Read                                   text14       0005AC
_UART1_SetErrorHandler                        text5        0000F0
_UART1_SetFramingErrorHandler                 text4        0000FA
_UART1_SetOverrunErrorHandler                 text3        000104
_UART1_Write                                  text13       000178
_UART1_is_rx_ready                            text12       000134
_UART1_is_tx_ready                            text11       0001F2
_UART1_is_tx_ready$675                        cstackCOMRAM 000002
_WPUA                                         (abs)        003A41
_WPUB                                         (abs)        003A51
_WPUC                                         (abs)        003A61
_WPUE                                         (abs)        003A81
_Write_Config                                 text20       000520
_Write_Flash                                  text19       000706
__HRAM                                        (abs)        000000
__Habs1                                       abs1         000000
__Hbank0                                      bank0        000000
__Hbank1                                      bank1        000000
__Hbank10                                     bank10       000000
__Hbank11                                     bank11       000000
__Hbank12                                     bank12       000000
__Hbank13                                     bank13       000000
__Hbank14                                     bank14       000000
__Hbank15                                     bank15       000000
__Hbank2                                      bank2        000000
__Hbank3                                      bank3        000000
__Hbank4                                      bank4        000000
__Hbank5                                      bank5        000000
__Hbank6                                      bank6        000000
__Hbank7                                      bank7        000000
__Hbank8                                      bank8        000000
__Hbank9                                      bank9        000000
__Hbigbss                                     bigbss       000000
__Hbigdata                                    bigdata      000000
__Hbigram                                     bigram       000000
__Hbss                                        bss          000000
__HbssBANK0                                   bssBANK0     000000
__HbssCOMRAM                                  bssCOMRAM    000000
__Hcinit                                      cinit        000000
__Hclrtext                                    clrtext      000000
__Hcomram                                     comram       000000
__Hconfig                                     config       30000A
__Hconst                                      const        000000
__HcstackCOMRAM                               cstackCOMRAM 000000
__Hdata                                       data         000000
__Heeprom_data                                eeprom_data  000000
__Hfarbss                                     farbss       000000
__Hfardata                                    fardata      000000
__Hibigdata                                   ibigdata     000000
__Hidata                                      idata        000000
__Hidloc                                      idloc        200010
__Hifardata                                   ifardata     000000
__Hinit                                       init         000900
__Hintcode                                    intcode      000000
__Hintcodelo                                  intcodelo    000000
__Hintsave_regs                               intsave_regs 000000
__Hirdata                                     irdata       000000
__Hmediumconst                                mediumconst  000000
__HnvCOMRAM                                   nvCOMRAM     000000
__HnvFARRAM                                   nvFARRAM     000000
__Hnvbit                                      nvbit        000000
__Hnvrram                                     nvrram       000000
__Hparam                                      rparam       000000
__Hpowerup                                    powerup      000000
__Hram                                        ram          000000
__Hramtop                                     ramtop       001000
__Hrbit                                       rbit         000000
__Hrbss                                       rbss         000000
__Hrdata                                      rdata        000000
__Hreset_vec                                  reset_vec    000004
__Hrparam                                     rparam       000000
__Hsfr                                        sfr          000000
__Hsmallconst                                 smallconst   000000
__Hspace_0                                    (abs)        001000
__Hspace_1                                    (abs)        0000E9
__Hspace_2                                    (abs)        000000
__Hspace_4                                    (abs)        60000A
__Hstack                                      stack        000000
__Hstruct                                     struct       000000
__Htemp                                       temp         000000
__Htext                                       text         000000
__Htext0                                      text0        000000
__Htext1                                      text1        000000
__Htext10                                     text10       000000
__Htext11                                     text11       000000
__Htext12                                     text12       000000
__Htext13                                     text13       000000
__Htext14                                     text14       000000
__Htext15                                     text15       000000
__Htext16                                     text16       000000
__Htext17                                     text17       000000
__Htext18                                     text18       000000
__Htext19                                     text19       000000
__Htext2                                      text2        000000
__Htext20                                     text20       000000
__Htext21                                     text21       000000
__Htext22                                     text22       000000
__Htext23                                     text23       000000
__Htext24                                     text24       000000
__Htext25                                     text25       000000
__Htext26                                     text26       000000
__Htext27                                     text27       000000
__Htext28                                     text28       000000
__Htext3                                      text3        000000
__Htext4                                      text4        000000
__Htext5                                      text5        000000
__Htext6                                      text6        000000
__Htext7                                      text7        000000
__Htext8                                      text8        000000
__Htext9                                      text9        000000
__LRAM                                        (abs)        000001
__Labs1                                       abs1         000000
__Lbank0                                      bank0        000000
__Lbank1                                      bank1        000000
__Lbank10                                     bank10       000000
__Lbank11                                     bank11       000000
__Lbank12                                     bank12       000000
__Lbank13                                     bank13       000000
__Lbank14                                     bank14       000000
__Lbank15                                     bank15       000000
__Lbank2                                      bank2        000000
__Lbank3                                      bank3        000000
__Lbank4                                      bank4        000000
__Lbank5                                      bank5        000000
__Lbank6                                      bank6        000000
__Lbank7                                      bank7        000000
__Lbank8                                      bank8        000000
__Lbank9                                      bank9        000000
__Lbigbss                                     bigbss       000000
__Lbigdata                                    bigdata      000000
__Lbigram                                     bigram       000000
__Lbss                                        bss          000000
__LbssBANK0                                   bssBANK0     000000
__LbssCOMRAM                                  bssCOMRAM    000000
__Lcinit                                      cinit        000000
__Lclrtext                                    clrtext      000000
__Lcomram                                     comram       000000
__Lconfig                                     config       000000
__Lconst                                      const        000000
__LcstackCOMRAM                               cstackCOMRAM 000000
__Ldata                                       data         000000
__Leeprom_data                                eeprom_data  000000
__Lfarbss                                     farbss       000000
__Lfardata                                    fardata      000000
__Libigdata                                   ibigdata     000000
__Lidata                                      idata        000000
__Lidloc                                      idloc        000000
__Lifardata                                   ifardata     000000
__Linit                                       init         0008FC
__Lintcode                                    intcode      000000
__Lintcodelo                                  intcodelo    000000
__Lintsave_regs                               intsave_regs 000000
__Lirdata                                     irdata       000000
__Lmediumconst                                mediumconst  000000
__LnvCOMRAM                                   nvCOMRAM     000000
__LnvFARRAM                                   nvFARRAM     000000
__Lnvbit                                      nvbit        000000
__Lnvrram                                     nvrram       000000
__Lparam                                      rparam       000000
__Lpowerup                                    powerup      000000
__Lram                                        ram          000000
__Lramtop                                     ramtop       001000
__Lrbit                                       rbit         000000
__Lrbss                                       rbss         000000
__Lrdata                                      rdata        000000
__Lreset_vec                                  reset_vec    000000
__Lrparam                                     rparam       000000
__Lsfr                                        sfr          000000
__Lsmallconst                                 smallconst   000000
__Lspace_0                                    (abs)        000000
__Lspace_1                                    (abs)        000000
__Lspace_2                                    (abs)        000000
__Lspace_4                                    (abs)        000000
__Lstack                                      stack        000000
__Lstruct                                     struct       000000
__Ltemp                                       temp         000000
__Ltext                                       text         000000
__Ltext0                                      text0        000000
__Ltext1                                      text1        000000
__Ltext10                                     text10       000000
__Ltext11                                     text11       000000
__Ltext12                                     text12       000000
__Ltext13                                     text13       000000
__Ltext14                                     text14       000000
__Ltext15                                     text15       000000
__Ltext16                                     text16       000000
__Ltext17                                     text17       000000
__Ltext18                                     text18       000000
__Ltext19                                     text19       000000
__Ltext2                                      text2        000000
__Ltext20                                     text20       000000
__Ltext21                                     text21       000000
__Ltext22                                     text22       000000
__Ltext23                                     text23       000000
__Ltext24                                     text24       000000
__Ltext25                                     text25       000000
__Ltext26                                     text26       000000
__Ltext27                                     text27       000000
__Ltext28                                     text28       000000
__Ltext3                                      text3        000000
__Ltext4                                      text4        000000
__Ltext5                                      text5        000000
__Ltext6                                      text6        000000
__Ltext7                                      text7        000000
__Ltext8                                      text8        000000
__Ltext9                                      text9        000000
__S0                                          (abs)        000900
__S1                                          (abs)        0000E9
__S2                                          (abs)        000000
__S4                                          (abs)        000000
__S5                                          (abs)        000000
___inthi_sp                                   stack        000000
___intlo_sp                                   stack        000000
___param_bank                                 (abs)        000000
___rparam_used                                (abs)        000001
___sp                                         stack        000000
__accesstop                                   (abs)        000060
__activetblptr                                (abs)        000002
__end_of_BOOTLOADER_Initialize                text9        00024C
__end_of_Bootload_Required                    text27       00028A
__end_of_Calc_Checksum                        text25       000414
__end_of_Check_Device_Reset                   text26       000134
__end_of_Erase_Flash                          text23       00049A
__end_of_Get_Version_Data                     text22       000520
__end_of_OSCILLATOR_Initialize                text8        000178
__end_of_PIN_MANAGER_Initialize               text7        0002DE
__end_of_PMD_Initialize                       text6        0001F2
__end_of_ProcessBootBuffer                    text18       000706
__end_of_Read_Config                          text21       000338
__end_of_Run_Bootloader                       text10       0008FC
__end_of_SYSTEM_Initialize                    text1        000160
__end_of_StartWrite                           text24       000120
__end_of_UART1_DefaultErrorHandler            text17       0000E4
__end_of_UART1_DefaultFramingErrorHandler     text16       0000E6
__end_of_UART1_DefaultOverrunErrorHandler     text15       0000E8
__end_of_UART1_Initialize                     text2        0003A0
__end_of_UART1_Read                           text14       000648
__end_of_UART1_SetErrorHandler                text5        0000FA
__end_of_UART1_SetFramingErrorHandler         text4        000104
__end_of_UART1_SetOverrunErrorHandler         text3        00010E
__end_of_UART1_Write                          text13       000192
__end_of_UART1_is_rx_ready                    text12       00014A
__end_of_UART1_is_tx_ready                    text11       00021E
__end_of_Write_Config                         text20       0005AC
__end_of_Write_Flash                          text19       0007E6
__end_of__initialization                      cinit        0001C4
__end_of_main                                 text0        0001AC
__initialization                              cinit        0001AC
__pbssBANK0                                   bssBANK0     000060
__pbssCOMRAM                                  bssCOMRAM    000011
__pcinit                                      cinit        0001AC
__pcstackCOMRAM                               cstackCOMRAM 000002
__pnvCOMRAM                                   nvCOMRAM     000019
__ptext0                                      text0        000192
__ptext1                                      text1        00014A
__ptext10                                     text10       0007E6
__ptext11                                     text11       0001F2
__ptext12                                     text12       000134
__ptext13                                     text13       000178
__ptext14                                     text14       0005AC
__ptext15                                     text15       0000E6
__ptext16                                     text16       0000E4
__ptext17                                     text17       0000E2
__ptext18                                     text18       000648
__ptext19                                     text19       000706
__ptext2                                      text2        000338
__ptext20                                     text20       000520
__ptext21                                     text21       0002DE
__ptext22                                     text22       00049A
__ptext23                                     text23       000414
__ptext24                                     text24       00010E
__ptext25                                     text25       0003A0
__ptext26                                     text26       000120
__ptext27                                     text27       00024C
__ptext28                                     text28       000000
__ptext3                                      text3        000104
__ptext4                                      text4        0000FA
__ptext5                                      text5        0000F0
__ptext6                                      text6        0001CE
__ptext7                                      text7        00028A
__ptext8                                      text8        000160
__ptext9                                      text9        00021E
__ramtop                                      ramtop       001000
__size_of_BOOTLOADER_Initialize               (abs)        000000
__size_of_Bootload_Required                   (abs)        000000
__size_of_Calc_Checksum                       (abs)        000000
__size_of_Check_Device_Reset                  (abs)        000000
__size_of_Erase_Flash                         (abs)        000000
__size_of_Get_Version_Data                    (abs)        000000
__size_of_OSCILLATOR_Initialize               (abs)        000000
__size_of_PIN_MANAGER_Initialize              (abs)        000000
__size_of_PMD_Initialize                      (abs)        000000
__size_of_ProcessBootBuffer                   (abs)        000000
__size_of_Read_Config                         (abs)        000000
__size_of_Run_Bootloader                      (abs)        000000
__size_of_SYSTEM_Initialize                   (abs)        000000
__size_of_StartWrite                          (abs)        000000
__size_of_UART1_DefaultErrorHandler           (abs)        000000
__size_of_UART1_DefaultFramingErrorHandler    (abs)        000000
__size_of_UART1_DefaultOverrunErrorHandler    (abs)        000000
__size_of_UART1_Initialize                    (abs)        000000
__size_of_UART1_Read                          (abs)        000000
__size_of_UART1_SetErrorHandler               (abs)        000000
__size_of_UART1_SetFramingErrorHandler        (abs)        000000
__size_of_UART1_SetOverrunErrorHandler        (abs)        000000
__size_of_UART1_Write                         (abs)        000000
__size_of_UART1_is_rx_ready                   (abs)        000000
__size_of_UART1_is_tx_ready                   (abs)        000000
__size_of_Write_Config                        (abs)        000000
__size_of_Write_Flash                         (abs)        000000
__size_of_main                                (abs)        000000
_check_sum                                    bssCOMRAM    000013
_counter                                      bssCOMRAM    000011
_frame                                        bssBANK0     000060
_main                                         text0        000192
_reset_pending                                bssCOMRAM    000016
_rx_data                                      bssCOMRAM    000018
_tx_data                                      bssCOMRAM    000017
_uart1RxLastError                             bssCOMRAM    000015
end_of_initialization                         cinit        0001C4
intlevel0                                     text         000000
intlevel1                                     text         000000
intlevel2                                     text         000000
intlevel3                                     text         000000
isa$std                                       (abs)        000001
isa$xinst                                     (abs)        000000
stackhi                                       (abs)        000FFF
stacklo                                       (abs)        0000E9
start                                         init         0008FC
start_initialization                          cinit        0001AC


MODULE INFORMATION

Module		Function		Class		Link	Load	Size
mcc_generated_files/pin_manager.c
		_PIN_MANAGER_Initialize		CODE           	028A	0000	84

mcc_generated_files/pin_manager.c estimated size: 84

mcc_generated_files/pic18f_uart.c
		_Run_Bootloader		CODE           	07E6	0000	278

mcc_generated_files/pic18f_uart.c estimated size: 278

mcc_generated_files/uart1.c
		_UART1_Write   		CODE           	0178	0000	26
		_UART1_SetFramingErrorHandler		CODE           	00FA	0000	10
		_UART1_SetOverrunErrorHandler		CODE           	0104	0000	10
		_UART1_Initialize		CODE           	0338	0000	104
		_UART1_SetErrorHandler		CODE           	00F0	0000	10
		_UART1_Read    		CODE           	05AC	0000	156
		_UART1_DefaultFramingErrorHandler		CODE           	00E4	0000	2
		_UART1_is_rx_ready		CODE           	0134	0000	22
		_UART1_is_tx_ready		CODE           	01F2	0000	44
		_UART1_DefaultErrorHandler		CODE           	00E2	0000	2
		_UART1_DefaultOverrunErrorHandler		CODE           	00E6	0000	2

mcc_generated_files/uart1.c estimated size: 388

shared
		__initialization		CODE           	01AC	0000	24

shared estimated size: 24

mcc_generated_files/mcc.c
		_PMD_Initialize		CODE           	01CE	0000	36
		_OSCILLATOR_Initialize		CODE           	0160	0000	24
		_SYSTEM_Initialize		CODE           	014A	0000	22

mcc_generated_files/mcc.c estimated size: 82

mcc_generated_files/pic18f_bootload.c
		_ProcessBootBuffer		CODE           	0648	0000	190
		_Calc_Checksum 		CODE           	03A0	0000	116
		_Write_Config  		CODE           	0520	0000	140
		_Write_Flash   		CODE           	0706	0000	224
		_Get_Version_Data		CODE           	049A	0000	134
		_Check_Device_Reset		CODE           	0120	0000	20
		_Erase_Flash   		CODE           	0414	0000	134
		_Bootload_Required		CODE           	024C	0000	62
		_Read_Config   		CODE           	02DE	0000	90
		_StartWrite    		CODE           	010E	0000	18
		_BOOTLOADER_Initialize		CODE           	021E	0000	46

mcc_generated_files/pic18f_bootload.c estimated size: 1174

main.c
		_main          		CODE           	0192	0000	26

main.c estimated size: 26

